// Jest Snapshot v1, https://goo.gl/fbAQLP

exports[`Check Components Component SigninForm 1`] = `
<form
  className=""
  onSubmit={[Function]}
>
  <div
    className="container"
    style={
      Object {
        "marginBottom": "70px",
      }
    }
  >
    <div
      className="down-lg Signin"
    >
      <div
        className="card-header"
      >
        <strong>
          Sign In
        </strong>
      </div>
      <div
        className="card-body"
      >
        <div>
          <div
            className="form-group"
          >
            <label
              className="form-label"
              htmlFor="formGroupLogin"
            >
              Login
            </label>
            <small
              className="text-muted form-text"
            >
              Your login.
            </small>
            <input
              className="form-control"
              id="formGroupLogin"
              name="login"
              onChange={[Function]}
              placeholder="Enter a login..."
              required={true}
              type="text"
              value=""
            />
          </div>
          <div
            className="form-group"
          >
            <label
              className="form-label"
              htmlFor="formGroupPassword"
            >
              Password
            </label>
            <small
              className="text-muted form-text"
            >
              Your password.
            </small>
            <input
              className="form-control"
              id="formGroupPassword"
              name="password"
              onChange={[Function]}
              placeholder="Enter a password..."
              required={true}
              type="password"
              value=""
            />
          </div>
        </div>
      </div>
    </div>
    <div
      className="float-right"
    >
      <button
        className="btn btn-primary"
        color="primary"
        disabled={false}
        type="submit"
      >
        Login
      </button>
    </div>
  </div>
</form>
`;
